  referencia unet_stageA.pt: plato_nmp=0.887  plato_val=0.879  IoU=0.7652

  epoca_00.pt  plato_nmp=0.846  plato_val=0.871  IoU=0.7188  <-- REGREDIU: IoU
  epoca_01.pt  plato_nmp=0.882  plato_val=0.868  IoU=0.7469
  epoca_02.pt  plato_nmp=0.909  plato_val=0.845  IoU=0.7455  <-- REGREDIU: plato_val
  epoca_03.pt  plato_nmp=0.882  plato_val=0.881  IoU=0.7328  <-- REGREDIU: IoU
  epoca_04.pt  plato_nmp=0.917  plato_val=0.869  IoU=0.7541
  epoca_05.pt  plato_nmp=0.925  plato_val=0.869  IoU=0.7521
  epoca_06.pt  plato_nmp=0.912  plato_val=0.843  IoU=0.7439  <-- REGREDIU: IoU, plato_val
  epoca_07.pt  plato_nmp=0.887  plato_val=0.887  IoU=0.7567
  epoca_08.pt  plato_nmp=0.917  plato_val=0.851  IoU=0.7601
  epoca_09.pt  plato_nmp=0.917  plato_val=0.851  IoU=0.7648
  epoca_10.pt  plato_nmp=0.917  plato_val=0.875  IoU=0.7519
  epoca_11.pt  plato_nmp=0.924  plato_val=0.857  IoU=0.7801
  epoca_12.pt  plato_nmp=0.920  plato_val=0.879  IoU=0.7594
  epoca_13.pt  plato_nmp=0.857  plato_val=0.843  IoU=0.7664  <-- REGREDIU: plato_val
  epoca_14.pt  plato_nmp=0.925  plato_val=0.885  IoU=0.7609
  epoca_15.pt  plato_nmp=0.925  plato_val=0.883  IoU=0.7623
  epoca_16.pt  plato_nmp=0.917  plato_val=0.874  IoU=0.7680
  epoca_17.pt  plato_nmp=0.917  plato_val=0.879  IoU=0.7652

  VENCEDOR: epoca_05.pt  plato_nmp=0.925 (referencia 0.887)  plato_val=0.869  IoU=0.7521
  (13/18 passaram as guardas)

  ATENCAO: o objetivo mal se moveu. O estrato entrou no treino e
  a mascara continua largando a curva fora da familia — antes de
  promover, e' o caso de duvidar do estrato, nao do checkpoint.
