treino: 12450 amostras de ['data/train', 'data/train_reta', 'data/train_janela', 'data/train_banda_seta', 'data/train_banda', 'data/train_seta', 'data/train_reta_banda', 'data/train_reta_seta', 'data/train_reta_banda_seta', 'data/train_kneg', 'data/train_multi']  base=32  2075 passos/epoca
parametros: 7948578
epoca 00  IoU_val=0.6776  acerto_contagem=0.8788  lr=3.00e-04  1019s
epoca 01  IoU_val=0.7256  acerto_contagem=0.9356  lr=3.00e-04  1016s
epoca 02  IoU_val=0.7355  acerto_contagem=0.9640  lr=3.00e-04  1053s
epoca 03  IoU_val=0.7500  acerto_contagem=0.9635  lr=3.00e-04  1066s
epoca 04  IoU_val=0.7427  acerto_contagem=0.9721  lr=3.00e-04  926s
epoca 05  IoU_val=0.7459  acerto_contagem=0.9742  lr=1.50e-04 (LR reduzido)  924s
epoca 06  IoU_val=0.7609  acerto_contagem=0.9769  lr=1.50e-04  922s
epoca 07  IoU_val=0.7634  acerto_contagem=0.9732  lr=1.50e-04  922s
epoca 08  IoU_val=0.7612  acerto_contagem=0.9805  lr=1.50e-04  923s
epoca 09  IoU_val=0.7583  acerto_contagem=0.9826  lr=7.50e-05 (LR reduzido)  922s
epoca 10  IoU_val=0.7668  acerto_contagem=0.9800  lr=7.50e-05  922s
epoca 11  IoU_val=0.7629  acerto_contagem=0.9837  lr=7.50e-05  922s
epoca 12  IoU_val=0.7630  acerto_contagem=0.9813  lr=3.75e-05 (LR reduzido)  922s
epoca 13  IoU_val=0.7703  acerto_contagem=0.9832  lr=3.75e-05  922s
epoca 14  IoU_val=0.7699  acerto_contagem=0.9845  lr=3.75e-05  922s
epoca 15  IoU_val=0.7703  acerto_contagem=0.9837  lr=1.87e-05 (LR reduzido)  922s
epoca 16  IoU_val=0.7688  acerto_contagem=0.9837  lr=1.87e-05  922s
epoca 17  IoU_val=0.7689  acerto_contagem=0.9826  lr=9.37e-06 (LR reduzido)  922s
epoca 18  IoU_val=0.7719  acerto_contagem=0.9821  lr=9.37e-06  922s
epoca 19  IoU_val=0.7693  acerto_contagem=0.9811  lr=4.69e-06 (LR reduzido)  922s
epoca 20  IoU_val=0.7687  acerto_contagem=0.9821  lr=4.69e-06  922s
epoca 21  IoU_val=0.7696  acerto_contagem=0.9805  lr=2.34e-06 (LR reduzido)  922s
epoca 22  IoU_val=0.7701  acerto_contagem=0.9816  lr=2.34e-06  922s
epoca 23  IoU_val=0.7704  acerto_contagem=0.9816  lr=1.17e-06 (LR reduzido)  922s
epoca 24  IoU_val=0.7695  acerto_contagem=0.9816  lr=1.17e-06  922s
melhor IoU_val=0.7719 -> models/unet_stageA_multi.pt
