treino: 22650 amostras de ['data/train', 'data/train_reta', 'data/train_janela', 'data/train_banda_seta', 'data/train_banda', 'data/train_seta', 'data/train_reta_banda', 'data/train_reta_seta', 'data/train_reta_banda_seta', 'data/train_kneg', 'data/train_multi', 'data/train_plato', 'data/train_plato_kneg', 'data/train_nmp', 'data/train_nmp_kneg', 'data/train_ruido', 'data/train_ruido_kneg', 'data/train_render2', 'data/train_render2_kneg', 'data/train_parleg2_canto', 'data/train_parleg2_ocl']  base=32  3775 passos/epoca
parametros: 7763041
epoca 00  IoU_val=0.7082  lr=3.00e-04  1867s
epoca 01  IoU_val=0.7141  lr=3.00e-04  1767s
epoca 02  IoU_val=0.7138  lr=3.00e-04  1678s
epoca 03  IoU_val=0.7378  lr=3.00e-04  1678s
epoca 04  IoU_val=0.7445  lr=3.00e-04  1678s
epoca 05  IoU_val=0.7446  lr=3.00e-04  1677s
epoca 06  IoU_val=0.7444  lr=1.50e-04 (LR reduzido)  1677s
epoca 07  IoU_val=0.7397  lr=1.50e-04  1677s
epoca 08  IoU_val=0.7512  lr=1.50e-04  1677s
epoca 09  IoU_val=0.7479  lr=1.50e-04  1677s
epoca 10  IoU_val=0.7453  lr=7.50e-05 (LR reduzido)  1678s
epoca 11  IoU_val=0.7564  lr=7.50e-05  1678s
epoca 12  IoU_val=0.7553  lr=7.50e-05  1678s
epoca 13  IoU_val=0.7530  lr=3.75e-05 (LR reduzido)  1677s
epoca 14  IoU_val=0.7503  lr=3.75e-05  1677s
epoca 15  IoU_val=0.7574  lr=1.87e-05 (LR reduzido)  1677s
epoca 16  IoU_val=0.7551  lr=1.87e-05  1678s
epoca 17  IoU_val=0.7588  lr=1.87e-05  1677s
melhor IoU_val=0.7588 -> models/unet_stageA_combinado2.pt
