treino: 6450 amostras de ['data/train', 'data/train_reta', 'data/train_janela']  base=24  806 passos/epoca
parametros: 4368073
epoca 00  IoU_val=0.3401  lr=3.00e-04  445s
epoca 01  IoU_val=0.5901  lr=3.00e-04  417s
epoca 02  IoU_val=0.6855  lr=3.00e-04  383s
epoca 03  IoU_val=0.7278  lr=3.00e-04  391s
epoca 04  IoU_val=0.7263  lr=3.00e-04  387s
epoca 05  IoU_val=0.7170  lr=1.50e-04 (LR reduzido)  389s
epoca 06  IoU_val=0.7328  lr=1.50e-04  389s
epoca 07  IoU_val=0.7181  lr=7.50e-05 (LR reduzido)  383s
epoca 08  IoU_val=0.7491  lr=7.50e-05  391s
epoca 09  IoU_val=0.7402  lr=7.50e-05  391s
epoca 10  IoU_val=0.7488  lr=3.75e-05 (LR reduzido)  389s
epoca 11  IoU_val=0.7453  lr=3.75e-05  394s
epoca 12  IoU_val=0.7488  lr=1.87e-05 (LR reduzido)  386s
epoca 13  IoU_val=0.7485  lr=1.87e-05  381s
epoca 14  IoU_val=0.7479  lr=9.37e-06 (LR reduzido)  383s
epoca 15  IoU_val=0.7461  lr=9.37e-06  388s
epoca 16  IoU_val=0.7514  lr=4.69e-06 (LR reduzido)  393s
epoca 17  IoU_val=0.7500  lr=4.69e-06  386s
epoca 18  IoU_val=0.7485  lr=2.34e-06 (LR reduzido)  388s
epoca 19  IoU_val=0.7489  lr=2.34e-06  390s
epoca 20  IoU_val=0.7491  lr=1.17e-06 (LR reduzido)  395s
epoca 21  IoU_val=0.7489  lr=1.17e-06  390s
epoca 22  IoU_val=0.7504  lr=5.86e-07 (LR reduzido)  391s
epoca 23  IoU_val=0.7483  lr=5.86e-07  391s
epoca 24  IoU_val=0.7487  lr=2.93e-07 (LR reduzido)  384s
melhor IoU_val=0.7514 -> models/unet_stageA_rgb_estrato.pt
