  carregado 300
  carregado 600
  carregado 900
n=895

dilX dilY corta folga |  x<=3px  x<=8px |  y<=3px  y<=8px | nb=nt x nb=nt y
   2    0     0     0 | 82.57% 85.92% | 79.78% 80.11% | 17.09% 18.55%
   2    0     0     6 | 80.56% 82.12% | 77.88% 78.21% | 17.09% 18.32%
   2    0     0    12 | 81.01% 81.90% | 71.28% 71.62% | 17.09% 17.09%
   2    0     3     0 | 85.92% 92.07% | 91.62% 91.96% | 32.74% 29.83%
   2    0     3     6 | 90.61% 92.18% | 90.61% 90.95% | 32.96% 29.61%
   2    0     3    12 | 91.84% 92.07% | 85.92% 86.26% | 32.96% 27.71%
   2    0     4     0 | 85.47% 92.18% | 92.51% 92.85% | 37.32% 32.96%
   2    0     4     6 | 90.50% 92.29% | 92.29% 92.63% | 37.54% 32.96%
   2    0     4    12 | 91.96% 92.18% | 88.16% 88.49% | 37.54% 31.17%
   2    0     5     0 | 85.47% 92.29% | 92.63% 92.96% | 40.89% 35.53%
   2    0     5     6 | 90.50% 92.40% | 92.40% 92.74% | 41.23% 35.53%
   2    0     5    12 | 92.07% 92.29% | 89.50% 89.83% | 41.23% 34.08%
   2    0     6     0 | 85.14% 92.29% | 92.63% 92.96% | 42.12% 37.43%
   2    0     6     6 | 90.39% 92.40% | 92.40% 92.74% | 42.57% 37.43%
   2    0     6    12 | 92.07% 92.29% | 90.17% 90.50% | 42.57% 36.20%
   2    1     0     0 | 80.67% 85.03% | 73.41% 73.74% | 19.78% 18.99%
   2    1     0     6 | 82.91% 84.36% | 71.28% 71.62% | 19.89% 18.32%
   2    1     0    12 | 83.35% 84.25% | 65.36% 65.70% | 19.89% 16.98%
   2    1     3     0 | 88.38% 95.08% | 95.64% 95.75% | 36.76% 32.63%
   2    1     3     6 | 93.30% 94.75% | 94.64% 94.75% | 36.76% 32.18%
   2    1     3    12 | 94.53% 94.75% | 89.72% 89.83% | 36.87% 30.06%
   2    1     4     0 | 87.82% 95.20% | 96.54% 96.76% | 41.23% 35.98%
   2    1     4     6 | 93.18% 94.86% | 96.42% 96.54% | 41.23% 35.98%
   2    1     4    12 | 94.64% 94.86% | 92.07% 92.18% | 41.34% 33.74%
   2    1     5     0 | 87.82% 95.31% | 96.65% 96.87% | 45.81% 38.99%
   2    1     5     6 | 93.18% 94.97% | 96.54% 96.65% | 45.81% 38.99%
   2    1     5    12 | 94.75% 94.97% | 93.41% 93.52% | 45.92% 37.21%
   2    1     6     0 | 87.15% 95.31% | 96.65% 96.87% | 47.49% 41.23%
   2    1     6     6 | 93.07% 94.97% | 96.54% 96.65% | 47.49% 41.23%
   2    1     6    12 | 94.75% 94.97% | 94.08% 94.19% | 47.60% 39.89%
   2    2     0     0 | 81.68% 86.93% | 74.08% 74.30% | 23.02% 19.22%
   2    2     0     6 | 84.80% 86.59% | 71.84% 72.18% | 23.02% 18.55%
   2    2     0    12 | 85.70% 86.37% | 65.92% 66.26% | 23.02% 17.21%
   2    2     3     0 | 89.50% 96.98% | 96.87% 96.87% | 39.78% 32.96%
   2    2     3     6 | 94.97% 96.98% | 95.87% 95.87% | 39.66% 32.51%
   2    2     3    12 | 96.65% 96.87% | 90.95% 90.95% | 39.78% 30.39%
   2    2     4     0 | 89.05% 97.09% | 97.77% 97.88% | 43.58% 36.42%
   2    2     4     6 | 95.08% 97.09% | 97.65% 97.65% | 43.46% 36.42%
   2    2     4    12 | 96.76% 96.98% | 93.30% 93.30% | 43.58% 34.19%
   2    2     5     0 | 89.05% 97.21% | 97.88% 97.99% | 47.60% 39.66%
   2    2     5     6 | 95.08% 97.21% | 97.77% 97.77% | 47.49% 39.66%
   2    2     5    12 | 96.87% 97.09% | 94.64% 94.64% | 47.60% 37.88%
   2    2     6     0 | 88.16% 97.21% | 97.88% 97.99% | 49.16% 42.01%
   2    2     6     6 | 94.97% 97.21% | 97.77% 97.77% | 49.05% 42.01%
   2    2     6    12 | 96.87% 97.09% | 95.31% 95.31% | 49.16% 40.67%
   3    0     0     0 | 83.91% 88.49% | 74.86% 75.31% | 19.78% 22.12%
   3    0     0     6 | 86.59% 88.38% | 72.74% 73.18% | 20.11% 21.45%
   3    0     0    12 | 87.49% 88.60% | 66.82% 67.26% | 20.11% 19.66%
   3    0     3     0 | 90.73% 98.32% | 98.32% 98.55% | 39.22% 36.31%
   3    0     3     6 | 96.98% 99.11% | 97.32% 97.54% | 39.66% 35.98%
   3    0     3    12 | 98.66% 99.44% | 92.29% 92.51% | 39.66% 33.63%
   3    0     4     0 | 89.72% 98.44% | 99.44% 99.66% | 44.80% 39.66%
   3    0     4     6 | 96.65% 99.22% | 99.22% 99.44% | 45.36% 39.55%
   3    0     4    12 | 98.77% 99.55% | 94.75% 94.97% | 45.36% 37.65%
   3    0     5     0 | 89.27% 98.55% | 99.55% 99.78% | 49.50% 42.68%
   3    0     5     6 | 96.65% 99.33% | 99.33% 99.55% | 50.28% 42.57%
   3    0     5    12 | 98.88% 99.66% | 96.09% 96.31% | 50.28% 41.01%
   3    0     6     0 | 88.49% 98.55% | 99.55% 99.78% | 51.28% 44.36%
   3    0     6     6 | 96.31% 99.33% | 99.33% 99.55% | 52.18% 44.25%
   3    0     6    12 | 98.88% 99.66% | 96.76% 96.98% | 52.18% 43.02%
   3    1     0     0 | 84.02% 88.60% | 75.20% 75.53% | 22.46% 25.92%
   3    1     0     6 | 86.93% 88.72% | 73.07% 73.41% | 22.57% 24.92%
   3    1     0    12 | 87.82% 88.83% | 67.15% 67.49% | 22.57% 22.91%
   3    1     3     0 | 91.28% 98.66% | 98.66% 98.77% | 42.12% 40.67%
   3    1     3     6 | 97.32% 99.44% | 97.65% 97.77% | 42.23% 40.11%
   3    1     3    12 | 98.99% 99.66% | 92.63% 92.74% | 42.23% 37.65%
   3    1     4     0 | 90.17% 98.77% | 99.66% 99.89% | 47.26% 43.91%
   3    1     4     6 | 96.98% 99.55% | 99.55% 99.66% | 47.49% 43.91%
   3    1     4    12 | 99.11% 99.78% | 95.08% 95.20% | 47.49% 41.56%
   3    1     5     0 | 89.72% 98.88% | 99.78% 100.00% | 52.51% 47.04%
   3    1     5     6 | 96.98% 99.66% | 99.66% 99.78% | 52.85% 47.04%
   3    1     5    12 | 99.22% 99.89% | 96.42% 96.54% | 52.85% 45.14%
   3    1     6     0 | 88.83% 98.88% | 99.78% 100.00% | 54.86% 48.72%
   3    1     6     6 | 96.65% 99.66% | 99.66% 99.78% | 55.20% 48.72%
   3    1     6    12 | 99.22% 99.89% | 97.09% 97.21% | 55.20% 47.26%
   3    2     0     0 | 83.24% 88.83% | 75.31% 75.53% | 26.03% 26.59%
   3    2     0     6 | 87.15% 89.05% | 73.07% 73.41% | 26.15% 25.59%
   3    2     0    12 | 88.38% 89.16% | 67.15% 67.49% | 26.15% 23.58%
   3    2     3     0 | 90.61% 98.66% | 98.77% 98.77% | 44.92% 41.45%
   3    2     3     6 | 96.98% 99.44% | 97.77% 97.77% | 45.03% 40.89%
   3    2     3    12 | 98.99% 99.66% | 92.74% 92.74% | 45.03% 38.44%
   3    2     4     0 | 89.83% 98.77% | 99.78% 99.89% | 49.27% 44.58%
   3    2     4     6 | 96.87% 99.55% | 99.66% 99.66% | 49.50% 44.58%
   3    2     4    12 | 99.11% 99.78% | 95.20% 95.20% | 49.50% 42.23%
   3    2     5     0 | 89.39% 98.88% | 99.89% 100.00% | 53.97% 47.49%
   3    2     5     6 | 96.87% 99.66% | 99.78% 99.78% | 54.19% 47.49%
   3    2     5    12 | 99.22% 99.89% | 96.54% 96.54% | 54.19% 45.59%
   3    2     6     0 | 88.49% 98.88% | 99.89% 100.00% | 55.87% 49.16%
   3    2     6     6 | 96.54% 99.66% | 99.78% 99.78% | 56.09% 49.16%
   3    2     6    12 | 99.22% 99.89% | 97.21% 97.21% | 56.09% 47.71%
   4    0     0     0 | 83.91% 89.05% | 75.08% 75.53% | 20.45% 28.38%
   4    0     0     6 | 86.70% 88.94% | 72.96% 73.41% | 20.56% 27.49%
   4    0     0    12 | 87.60% 89.05% | 67.04% 67.49% | 20.56% 25.03%
   4    0     3     0 | 89.94% 98.55% | 98.55% 98.77% | 40.56% 42.68%
   4    0     3     6 | 96.65% 99.44% | 97.54% 97.77% | 40.67% 42.23%
   4    0     3    12 | 98.77% 99.66% | 92.51% 92.74% | 40.67% 39.89%
   4    0     4     0 | 88.83% 98.55% | 99.66% 99.89% | 46.48% 45.14%
   4    0     4     6 | 96.31% 99.55% | 99.44% 99.66% | 46.70% 45.03%
   4    0     4    12 | 98.88% 99.78% | 94.97% 95.20% | 46.70% 42.91%
   4    0     5     0 | 88.16% 98.66% | 99.78% 100.00% | 51.84% 47.04%
   4    0     5     6 | 96.31% 99.66% | 99.55% 99.78% | 52.18% 46.93%
   4    0     5    12 | 98.99% 99.89% | 96.31% 96.54% | 52.18% 45.25%
   4    0     6     0 | 87.26% 98.66% | 99.78% 100.00% | 53.74% 48.04%
   4    0     6     6 | 95.98% 99.66% | 99.55% 99.78% | 54.08% 47.93%
   4    0     6    12 | 98.99% 99.89% | 96.98% 97.21% | 54.08% 46.59%
   4    1     0     0 | 83.69% 89.05% | 75.20% 75.53% | 22.91% 34.19%
   4    1     0     6 | 86.82% 89.05% | 73.07% 73.41% | 23.02% 33.18%
   4    1     0    12 | 87.71% 89.16% | 67.15% 67.49% | 23.02% 30.17%
   4    1     3     0 | 89.94% 98.55% | 98.66% 98.77% | 42.79% 48.72%
   4    1     3     6 | 96.65% 99.44% | 97.65% 97.77% | 42.91% 48.04%
   4    1     3    12 | 98.77% 99.66% | 92.63% 92.74% | 42.91% 45.47%
   4    1     4     0 | 88.83% 98.55% | 99.66% 99.89% | 48.04% 51.17%
   4    1     4     6 | 96.31% 99.55% | 99.55% 99.66% | 48.27% 51.17%
   4    1     4    12 | 98.88% 99.78% | 95.08% 95.20% | 48.27% 48.60%
   4    1     5     0 | 88.27% 98.66% | 99.78% 100.00% | 53.41% 53.63%
   4    1     5     6 | 96.31% 99.66% | 99.66% 99.78% | 53.74% 53.63%
   4    1     5    12 | 98.99% 99.89% | 96.42% 96.54% | 53.74% 51.73%
   4    1     6     0 | 87.37% 98.66% | 99.78% 100.00% | 55.75% 54.41%
   4    1     6     6 | 95.98% 99.66% | 99.66% 99.78% | 56.09% 54.41%
   4    1     6    12 | 98.99% 99.89% | 97.09% 97.21% | 56.09% 52.96%
   4    2     0     0 | 82.68% 89.27% | 75.42% 75.53% | 26.59% 35.75%
   4    2     0     6 | 87.15% 89.61% | 73.18% 73.41% | 26.70% 34.64%
   4    2     0    12 | 88.38% 89.72% | 67.26% 67.49% | 26.70% 31.40%
   4    2     3     0 | 89.16% 98.32% | 98.77% 98.77% | 45.47% 51.40%
   4    2     3     6 | 96.31% 99.44% | 97.77% 97.77% | 45.59% 50.61%
   4    2     3    12 | 98.77% 99.66% | 92.74% 92.74% | 45.59% 47.82%
   4    2     4     0 | 88.38% 98.44% | 99.78% 99.89% | 49.83% 53.63%
   4    2     4     6 | 96.20% 99.55% | 99.66% 99.66% | 50.06% 53.52%
   4    2     4    12 | 98.88% 99.78% | 95.20% 95.20% | 50.06% 50.84%
   4    2     5     0 | 87.93% 98.55% | 99.89% 100.00% | 54.53% 55.98%
   4    2     5     6 | 96.20% 99.66% | 99.78% 99.78% | 54.75% 55.87%
   4    2     5    12 | 98.99% 99.89% | 96.54% 96.54% | 54.75% 53.85%
   4    2     6     0 | 87.04% 98.55% | 99.89% 100.00% | 56.42% 56.54%
   4    2     6     6 | 95.87% 99.66% | 99.78% 99.78% | 56.65% 56.42%
   4    2     6    12 | 98.99% 99.89% | 97.21% 97.21% | 56.65% 54.86%
   6    0     0     0 | 82.23% 89.16% | 75.31% 75.53% | 21.23% 38.66%
   6    0     0     6 | 85.70% 89.50% | 73.18% 73.41% | 21.34% 37.65%
   6    0     0    12 | 87.49% 89.50% | 67.26% 67.49% | 21.34% 34.64%
   6    0     3     0 | 86.03% 97.88% | 98.66% 98.77% | 41.90% 53.18%
   6    0     3     6 | 94.86% 99.44% | 97.65% 97.77% | 42.01% 52.63%
   6    0     3    12 | 98.55% 99.55% | 92.63% 92.74% | 42.01% 49.94%
   6    0     4     0 | 84.25% 97.65% | 99.78% 99.89% | 47.82% 54.08%
   6    0     4     6 | 94.19% 99.55% | 99.55% 99.66% | 48.04% 53.97%
   6    0     4    12 | 98.55% 99.66% | 95.08% 95.20% | 48.04% 51.62%
   6    0     5     0 | 83.13% 97.65% | 99.78% 100.00% | 53.41% 54.53%
   6    0     5     6 | 94.19% 99.66% | 99.55% 99.78% | 53.74% 54.41%
   6    0     5    12 | 98.66% 99.78% | 96.31% 96.54% | 53.74% 52.51%
   6    0     6     0 | 82.12% 97.54% | 99.78% 100.00% | 55.75% 54.41%
   6    0     6     6 | 93.85% 99.66% | 99.55% 99.78% | 56.09% 54.30%
   6    0     6    12 | 98.66% 99.78% | 96.98% 97.21% | 56.09% 52.85%
   6    1     0     0 | 81.56% 88.94% | 75.20% 75.53% | 23.13% 45.47%
   6    1     0     6 | 85.47% 89.39% | 73.18% 73.41% | 23.24% 44.13%
   6    1     0    12 | 87.37% 89.39% | 67.26% 67.49% | 23.24% 40.56%
   6    1     3     0 | 85.70% 97.77% | 98.66% 98.77% | 43.13% 61.12%
   6    1     3     6 | 94.86% 99.44% | 97.77% 97.77% | 43.24% 60.34%
   6    1     3    12 | 98.55% 99.55% | 92.74% 92.74% | 43.24% 57.43%
   6    1     4     0 | 84.02% 97.54% | 99.78% 99.89% | 48.38% 61.90%
   6    1     4     6 | 94.19% 99.55% | 99.66% 99.66% | 48.60% 61.68%
   6    1     4    12 | 98.55% 99.66% | 95.20% 95.20% | 48.60% 58.99%
   6    1     5     0 | 83.13% 97.54% | 99.78% 100.00% | 53.74% 62.35%
   6    1     5     6 | 94.19% 99.66% | 99.66% 99.78% | 54.08% 62.12%
   6    1     5    12 | 98.66% 99.78% | 96.42% 96.54% | 54.08% 60.11%
   6    1     6     0 | 82.12% 97.43% | 99.78% 100.00% | 56.09% 62.23%
   6    1     6     6 | 93.85% 99.66% | 99.66% 99.78% | 56.42% 62.01%
   6    1     6    12 | 98.66% 99.78% | 97.09% 97.21% | 56.42% 60.45%
   6    2     0     0 | 79.66% 89.27% | 75.53% 75.64% | 26.82% 48.72%
   6    2     0     6 | 86.26% 90.17% | 73.41% 73.52% | 26.93% 47.37%
   6    2     0    12 | 88.60% 90.17% | 67.49% 67.60% | 26.93% 43.35%
   6    2     3     0 | 84.80% 97.43% | 98.66% 98.77% | 45.70% 65.70%
   6    2     3     6 | 94.53% 99.44% | 97.77% 97.77% | 45.81% 65.14%
   6    2     3    12 | 98.32% 99.55% | 92.74% 92.74% | 45.81% 62.01%
   6    2     4     0 | 83.58% 97.43% | 99.78% 99.89% | 50.17% 66.48%
   6    2     4     6 | 94.08% 99.55% | 99.66% 99.66% | 50.39% 66.48%
   6    2     4    12 | 98.44% 99.66% | 95.20% 95.20% | 50.39% 63.58%
   6    2     5     0 | 82.79% 97.43% | 99.89% 100.00% | 54.86% 66.82%
   6    2     5     6 | 94.08% 99.66% | 99.78% 99.78% | 55.08% 66.82%
   6    2     5    12 | 98.55% 99.78% | 96.54% 96.54% | 55.08% 64.69%
   6    2     6     0 | 81.79% 97.32% | 99.89% 100.00% | 56.76% 66.82%
   6    2     6     6 | 93.74% 99.66% | 99.78% 99.78% | 56.98% 66.82%
   6    2     6    12 | 98.55% 99.78% | 97.21% 97.21% | 56.98% 65.14%
   8    0     0     0 | 80.45% 89.83% | 75.31% 75.53% | 21.23% 40.34%
   8    0     0     6 | 85.03% 90.06% | 73.18% 73.41% | 21.23% 39.33%
   8    0     0    12 | 87.15% 90.17% | 67.26% 67.49% | 21.23% 36.31%
   8    0     3     0 | 81.45% 96.54% | 98.66% 98.77% | 42.01% 54.97%
   8    0     3     6 | 92.51% 98.66% | 97.65% 97.77% | 42.01% 54.41%
   8    0     3    12 | 97.65% 99.33% | 92.63% 92.74% | 42.01% 51.73%
   8    0     4     0 | 79.44% 96.20% | 99.78% 99.89% | 48.04% 55.42%
   8    0     4     6 | 91.73% 98.66% | 99.55% 99.66% | 48.04% 55.31%
   8    0     4    12 | 97.43% 99.33% | 95.08% 95.20% | 48.04% 52.96%
   8    0     5     0 | 78.10% 96.20% | 99.78% 100.00% | 53.74% 55.64%
   8    0     5     6 | 91.51% 98.77% | 99.55% 99.78% | 53.74% 55.53%
   8    0     5    12 | 97.43% 99.44% | 96.31% 96.54% | 53.74% 53.63%
   8    0     6     0 | 76.87% 95.87% | 99.78% 100.00% | 56.09% 55.53%
   8    0     6     6 | 90.61% 98.77% | 99.55% 99.78% | 56.09% 55.42%
   8    0     6    12 | 97.32% 99.44% | 96.98% 97.21% | 56.09% 53.97%
   8    1     0     0 | 79.55% 89.39% | 75.20% 75.53% | 23.02% 48.27%
   8    1     0     6 | 84.58% 89.61% | 73.18% 73.41% | 23.02% 46.93%
   8    1     0    12 | 86.82% 89.83% | 67.26% 67.49% | 23.02% 43.35%
   8    1     3     0 | 81.12% 96.54% | 98.66% 98.77% | 43.02% 64.58%
   8    1     3     6 | 92.40% 98.66% | 97.77% 97.77% | 43.02% 63.80%
   8    1     3    12 | 97.65% 99.33% | 92.74% 92.74% | 43.02% 60.89%
   8    1     4     0 | 79.22% 96.20% | 99.78% 99.89% | 48.38% 65.03%
   8    1     4     6 | 91.62% 98.66% | 99.66% 99.66% | 48.38% 64.80%
   8    1     4    12 | 97.43% 99.33% | 95.20% 95.20% | 48.38% 62.12%
   8    1     5     0 | 78.10% 96.20% | 99.78% 100.00% | 53.85% 65.47%
   8    1     5     6 | 91.51% 98.77% | 99.66% 99.78% | 53.85% 65.25%
   8    1     5    12 | 97.43% 99.44% | 96.42% 96.54% | 53.85% 63.24%
   8    1     6     0 | 76.87% 95.87% | 99.78% 100.00% | 56.20% 65.36%
   8    1     6     6 | 90.61% 98.77% | 99.66% 99.78% | 56.20% 65.14%
   8    1     6    12 | 97.32% 99.44% | 97.09% 97.21% | 56.20% 63.58%
   8    2     0     0 | 76.09% 89.05% | 75.53% 75.64% | 26.70% 52.85%
   8    2     0     6 | 84.02% 89.72% | 73.41% 73.52% | 26.70% 51.51%
   8    2     0    12 | 87.15% 90.06% | 67.49% 67.60% | 26.70% 47.60%
   8    2     3     0 | 79.78% 96.20% | 98.66% 98.77% | 45.59% 71.73%
   8    2     3     6 | 91.84% 98.55% | 97.77% 97.77% | 45.59% 71.17%
   8    2     3    12 | 97.32% 99.22% | 92.74% 92.74% | 45.59% 67.93%
   8    2     4     0 | 78.55% 96.09% | 99.78% 99.89% | 50.17% 72.18%
   8    2     4     6 | 91.28% 98.66% | 99.66% 99.66% | 50.17% 72.18%
   8    2     4    12 | 97.32% 99.33% | 95.20% 95.20% | 50.17% 69.27%
   8    2     5     0 | 77.77% 96.09% | 99.89% 100.00% | 54.86% 72.63%
   8    2     5     6 | 91.17% 98.77% | 99.78% 99.78% | 54.86% 72.63%
   8    2     5    12 | 97.32% 99.44% | 96.54% 96.54% | 54.86% 70.50%
   8    2     6     0 | 76.54% 95.75% | 99.89% 100.00% | 56.76% 72.63%
   8    2     6     6 | 90.28% 98.77% | 99.78% 99.78% | 56.76% 72.63%
   8    2     6    12 | 97.21% 99.44% | 97.21% 97.21% | 56.76% 70.95%

TOP 8 por (x<=3px + y<=3px):
  dilX=3 dilY=2 corta=5 folga=6 -> x 96.87% / y 99.78% | nb=nt x 54.19% y 47.49%
  dilX=3 dilY=1 corta=5 folga=6 -> x 96.98% / y 99.66% | nb=nt x 52.85% y 47.04%
  dilX=3 dilY=1 corta=4 folga=6 -> x 96.98% / y 99.55% | nb=nt x 47.49% y 43.91%
  dilX=3 dilY=2 corta=4 folga=6 -> x 96.87% / y 99.66% | nb=nt x 49.50% y 44.58%
  dilX=3 dilY=2 corta=6 folga=12 -> x 99.22% / y 97.21% | nb=nt x 56.09% y 47.71%
  dilX=3 dilY=1 corta=6 folga=6 -> x 96.65% / y 99.66% | nb=nt x 55.20% y 48.72%
  dilX=3 dilY=1 corta=6 folga=12 -> x 99.22% / y 97.09% | nb=nt x 55.20% y 47.26%
  dilX=3 dilY=2 corta=6 folga=6 -> x 96.54% / y 99.78% | nb=nt x 56.09% y 49.16%
